Vivado Simulator v2024.1
Copyright 1986-2022 Xilinx, Inc. All Rights Reserved.
Copyright 2022-2024 Advanced Micro Devices, Inc. All Rights Reserved.
Running: C:/Xilinx/Vivado/2024.1/bin/unwrapped/win64.o/xelab.exe --debug typical --relax --mt 2 -L xil_defaultlib -L secureip --snapshot AppCombi_top_tb_behav xil_defaultlib.AppCombi_top_tb -log elaborate.log 
Using 2 slave threads.
Starting static elaboration
Completed static elaboration
Starting simulation data flow analysis
Completed simulation data flow analysis
Time Resolution for simulation is 1ps
Compiling package std.standard
Compiling package std.textio
Compiling package ieee.std_logic_1164
Compiling package ieee.numeric_std
Compiling package ieee.std_logic_arith
Compiling package ieee.std_logic_unsigned
Compiling package unisim.vcomponents
Compiling architecture bufg_v of entity unisim.BUFG [bufg_default]
Compiling architecture behavioral of entity xil_defaultlib.synchro_module_v2 [\synchro_module_v2(const_clk_sys...]
Compiling architecture behavioral of entity xil_defaultlib.septSegments_encodeur [septsegments_encodeur_default]
Compiling architecture behavioral of entity xil_defaultlib.septSegments_refreshPmod [septsegments_refreshpmod_default]
Compiling architecture behavioral of entity xil_defaultlib.septSegments_Top [septsegments_top_default]
Compiling architecture behavioral of entity xil_defaultlib.Add1bitA [add1bita_default]
Compiling architecture behavioral of entity xil_defaultlib.Add1bitB [add1bitb_default]
Compiling architecture behavioral of entity xil_defaultlib.Add4bits [add4bits_default]
Compiling architecture behavioral of entity xil_defaultlib.AppCombi_top [appcombi_top_default]
Compiling architecture behavioral of entity xil_defaultlib.appcombi_top_tb
Built simulation snapshot AppCombi_top_tb_behav
